// Jest Snapshot v1, https://goo.gl/fbAQLP

exports[`renders Not found Page 1`] = `
<div>
  <p>
     We couldnt find page 
  </p>
  <p>
    404
  </p>
</div>
`;
